// Jest Snapshot v1, https://goo.gl/fbAQLP

exports[`AvailableHearingsComponent should match the snapshot 1`] = `
<available-hearings
  courtCentres={[Function Function]}
  errors={[Function OutputEmitterRef]}
  hearings={[Function Function]}
  isCivil={[Function Function]}
  onExtendHearingForHearing={[Function OutputEmitterRef]}
  onViewHearingDetails={[Function OutputEmitterRef]}
>
  <available-hearings-table>
    <pdk-radio-group
      class="ng-untouched ng-pristine ng-valid"
      name="selectedHearing"
    >
      <div
        class="govuk-radios"
      >
        <table
          class="govuk-table"
          id="related-hearings"
          pdk-table=""
        >
          <caption
            class="govuk-table__caption"
            pdk-table-caption=""
          >
            <pdk-inset-text>
              <div
                class="govuk-inset-text"
              >
                <strong>
                   3 related 
                  <span>
                    hearings
                  </span>
                </strong>
              </div>
            </pdk-inset-text>
          </caption>
          <thead
            class="govuk-table__head"
            pdk-table-head=""
          >
            <tr
              class="govuk-table__row"
              pdk-table-row=""
            >
              <th
                class="govuk-table__cell"
                id="select-action"
                pdk-table-header=""
                scope="col"
              >
                <span
                  class="govuk-visually-hidden"
                  pdk-visually-hidden=""
                >
                  Action
                </span>
              </th>
              <th
                class="govuk-table__cell"
                id="date"
                pdk-table-header=""
                scope="col"
              >
                Date
              </th>
              <th
                class="govuk-table__cell"
                id="court-details"
                pdk-table-header=""
                scope="col"
              >
                Court Details
              </th>
              <th
                class="govuk-table__cell"
                id="hearing-type"
                pdk-table-header=""
                scope="col"
              >
                Hearing type
              </th>
              <th
                class="govuk-table__cell"
                id="session"
                pdk-table-header=""
                scope="col"
              >
                Session/start time
              </th>
              <th
                class="govuk-table__cell"
                id="related-case"
                pdk-table-header=""
                scope="col"
              >
                Related cases
              </th>
            </tr>
          </thead>
          <tbody
            class="pdk-!-border-color-mid-grey govuk-table__body"
            data-test-id="hearing"
            pdk-border-colour="mid-grey"
            pdk-table-body=""
          >
            <tr
              class="govuk-table__row"
              pdk-table-row=""
            >
              <td
                class="govuk-table__cell"
                headers="select-action"
                pdk-table-cell=""
              >
                <pdk-radio-button>
                  <div
                    class="govuk-radios__item"
                  >
                    <input
                      class="govuk-radios__input"
                      id="pdk-radio-GENERATED_ID"
                      name="pdk-radio-group-GENERATED_ID"
                      type="radio"
                      value="undefined"
                    />
                    <label
                      class="govuk-radios__label govuk-label"
                      for="pdk-radio-GENERATED_ID"
                      pdk-label=""
                    >
                      <span
                        class="govuk-visually-hidden"
                        pdk-visually-hidden=""
                      >
                        Select this hearing
                      </span>
                    </label>
                  </div>
                </pdk-radio-button>
              </td>
              <td
                class="govuk-table__cell"
                headers="date"
                pdk-table-cell=""
              >
                <div
                  class="govuk-!-padding-right-2"
                  data-test-id="hearingStartDate"
                  pdk-padding-right="2"
                >
                   5 Nov 2018 
                </div>
              </td>
              <td
                class="govuk-table__cell"
                headers="court-details"
                pdk-table-cell=""
              >
                <span
                  data-test-id="hearingCourtCentre"
                >
                  Liverpool Crown Court
                </span>
                <br />
                <span
                  data-test-id="hearingCourtroom"
                >
                  Courtroom 3-1
                </span>
                <br />
              </td>
              <td
                class="govuk-table__cell"
                headers="hearing-type"
                pdk-table-cell=""
              >
                <div
                  class="hearing-type-text"
                  data-test-id="hearingType"
                >
                   Further plea & trial preparation 
                </div>
                <div
                  class="hearing-case-markers"
                >
                  <case-markers
                    alllistedcases="true"
                    class="case-markers govuk-!-padding-top-1"
                    pdk-padding-top="1"
                  >
                    <div
                      class="case-markers"
                    >
                      <div
                        class="case-marker-title pdk-!-text-color-red"
                        pdk-text-colour="red"
                      >
                        Human Trafficking
                      </div>
                    </div>
                  </case-markers>
                </div>
              </td>
              <td
                class="govuk-table__cell"
                headers="session"
                pdk-table-cell=""
              >
                <div
                  class="govuk-!-padding-right-2"
                  data-test-id="hearingStartTime"
                  pdk-padding-right="2"
                >
                   10:00 am 
                </div>
              </td>
              <td
                class="govuk-table__cell"
                headers="related-case"
                pdk-table-cell=""
              >
                <div
                  class="govuk-!-margin-bottom-3"
                  data-test-id="listedCase"
                  pdk-margin-bottom="3"
                >
                  <span
                    class="govuk-visually-hidden"
                    pdk-visually-hidden=""
                  >
                     Case reference 
                  </span>
                  <strong
                    data-test-id="caseReference"
                  >
                    TFL12345
                  </strong>
                  <pdk-inset-text
                    class="govuk-!-margin-top-1 govuk-!-margin-bottom-2"
                    pdk-margin-bottom="2"
                    pdk-margin-top="1"
                  >
                    <div
                      class="govuk-inset-text"
                    >
                      <div
                        class="defendant-name"
                      >
                         John SMITH 
                      </div>
                      <div
                        class="defendant-name"
                      >
                         Harry KANE JUNIOR 
                      </div>
                    </div>
                  </pdk-inset-text>
                </div>
                <a
                  class="govuk-link"
                  data-role="view-hearing-details"
                  href="javascript:void(0)"
                  pdk-link=""
                >
                  View hearing details
                </a>
              </td>
            </tr>
            <tr
              class="govuk-table__row"
              pdk-table-row=""
            >
              <th
                class="govuk-table__cell govuk-visually-hidden"
                id="notes-for-hearing-day-0"
                pdk-table-header="row"
                pdk-visually-hidden=""
                scope="row"
              >
                 Notes 
              </th>
              <td
                class="govuk-table__cell"
                colspan="4"
                headers="notes-for-hearing-day-0"
                pdk-table-cell=""
              >
                <div
                  class="pdk-!-negative-margin-top-9 govuk-!-padding-right-4"
                  pdk-margin-top="-9"
                  pdk-padding-right="4"
                >
                  <listing-note-container
                    data-test-id="hearing-day-listing-note"
                  >
                    <pdk-inset-text
                      class="govuk-inset-text govuk-!-margin-top-2 govuk-!-margin-bottom-0 govuk-!-padding-top-0"
                      pdk-margin-bottom="0"
                      pdk-margin-top="2"
                      pdk-padding-top="0"
                    >
                      <div
                        class="govuk-inset-text"
                      >
                        <listing-note>
                          <div>
                            <a
                              class="govuk-link govuk-link--no-visited-state"
                              data-test-id="create-note"
                              href="javascript:void(0)"
                              pdk-link=""
                              unvisited=""
                            >
                              Add listing note
                            </a>
                          </div>
                        </listing-note>
                      </div>
                    </pdk-inset-text>
                  </listing-note-container>
                </div>
              </td>
            </tr>
          </tbody>
          <tbody
            class="pdk-!-border-color-mid-grey govuk-table__body"
            data-test-id="hearing"
            pdk-border-colour="mid-grey"
            pdk-table-body=""
          >
            <tr
              class="govuk-table__row"
              pdk-table-row=""
            >
              <td
                class="govuk-table__cell"
                headers="select-action"
                pdk-table-cell=""
              >
                <pdk-radio-button>
                  <div
                    class="govuk-radios__item"
                  >
                    <input
                      class="govuk-radios__input"
                      id="pdk-radio-GENERATED_ID"
                      name="pdk-radio-group-GENERATED_ID"
                      type="radio"
                      value="undefined"
                    />
                    <label
                      class="govuk-radios__label govuk-label"
                      for="pdk-radio-GENERATED_ID"
                      pdk-label=""
                    >
                      <span
                        class="govuk-visually-hidden"
                        pdk-visually-hidden=""
                      >
                        Select this hearing
                      </span>
                    </label>
                  </div>
                </pdk-radio-button>
              </td>
              <td
                class="govuk-table__cell"
                headers="date"
                pdk-table-cell=""
              >
                <div
                  class="govuk-!-padding-right-2"
                  data-test-id="hearingStartDate"
                  pdk-padding-right="2"
                >
                   6 Nov 2018 
                </div>
              </td>
              <td
                class="govuk-table__cell"
                headers="court-details"
                pdk-table-cell=""
              >
                <span
                  data-test-id="hearingCourtCentre"
                >
                  Liverpool Crown Court
                </span>
                <br />
                <span
                  data-test-id="hearingCourtroom"
                >
                  Courtroom 3-1
                </span>
                <br />
              </td>
              <td
                class="govuk-table__cell"
                headers="hearing-type"
                pdk-table-cell=""
              >
                <div
                  class="hearing-type-text"
                  data-test-id="hearingType"
                >
                   Further plea & trial preparation 
                </div>
                <div
                  class="hearing-case-markers"
                >
                  <case-markers
                    alllistedcases="true"
                    class="case-markers govuk-!-padding-top-1"
                    pdk-padding-top="1"
                  >
                    <div
                      class="case-markers"
                    >
                      <div
                        class="case-marker-title pdk-!-text-color-red"
                        pdk-text-colour="red"
                      >
                        Human Trafficking
                      </div>
                    </div>
                  </case-markers>
                </div>
              </td>
              <td
                class="govuk-table__cell"
                headers="session"
                pdk-table-cell=""
              >
                <div
                  class="govuk-!-padding-right-2"
                  data-test-id="hearingStartTime"
                  pdk-padding-right="2"
                >
                   11:00 am 
                </div>
              </td>
              <td
                class="govuk-table__cell"
                headers="related-case"
                pdk-table-cell=""
              >
                <div
                  class="govuk-!-margin-bottom-3"
                  data-test-id="listedCase"
                  pdk-margin-bottom="3"
                >
                  <span
                    class="govuk-visually-hidden"
                    pdk-visually-hidden=""
                  >
                     Case reference 
                  </span>
                  <strong
                    data-test-id="caseReference"
                  >
                    TFL12345
                  </strong>
                  <pdk-inset-text
                    class="govuk-!-margin-top-1 govuk-!-margin-bottom-2"
                    pdk-margin-bottom="2"
                    pdk-margin-top="1"
                  >
                    <div
                      class="govuk-inset-text"
                    >
                      <div
                        class="defendant-name"
                      >
                         John SMITH 
                      </div>
                      <div
                        class="defendant-name"
                      >
                         Harry KANE JUNIOR 
                      </div>
                    </div>
                  </pdk-inset-text>
                </div>
                <a
                  class="govuk-link"
                  data-role="view-hearing-details"
                  href="javascript:void(0)"
                  pdk-link=""
                >
                  View hearing details
                </a>
              </td>
            </tr>
            <tr
              class="govuk-table__row"
              pdk-table-row=""
            >
              <th
                class="govuk-table__cell govuk-visually-hidden"
                id="notes-for-hearing-day-1"
                pdk-table-header="row"
                pdk-visually-hidden=""
                scope="row"
              >
                 Notes 
              </th>
              <td
                class="govuk-table__cell"
                colspan="4"
                headers="notes-for-hearing-day-1"
                pdk-table-cell=""
              >
                <div
                  class="pdk-!-negative-margin-top-9 govuk-!-padding-right-4"
                  pdk-margin-top="-9"
                  pdk-padding-right="4"
                >
                  <listing-note-container
                    data-test-id="hearing-day-listing-note"
                  >
                    <pdk-inset-text
                      class="govuk-inset-text govuk-!-margin-top-2 govuk-!-margin-bottom-0 govuk-!-padding-top-0"
                      pdk-margin-bottom="0"
                      pdk-margin-top="2"
                      pdk-padding-top="0"
                    >
                      <div
                        class="govuk-inset-text"
                      >
                        <listing-note>
                          <div>
                            <a
                              class="govuk-link govuk-link--no-visited-state"
                              data-test-id="create-note"
                              href="javascript:void(0)"
                              pdk-link=""
                              unvisited=""
                            >
                              Add listing note
                            </a>
                          </div>
                        </listing-note>
                      </div>
                    </pdk-inset-text>
                  </listing-note-container>
                </div>
              </td>
            </tr>
          </tbody>
          <tbody
            class="pdk-!-border-color-mid-grey govuk-table__body"
            data-test-id="hearing"
            pdk-border-colour="mid-grey"
            pdk-table-body=""
          >
            <tr
              class="govuk-table__row"
              pdk-table-row=""
            >
              <td
                class="govuk-table__cell"
                headers="select-action"
                pdk-table-cell=""
              >
                <pdk-radio-button>
                  <div
                    class="govuk-radios__item"
                  >
                    <input
                      class="govuk-radios__input"
                      id="pdk-radio-GENERATED_ID"
                      name="pdk-radio-group-GENERATED_ID"
                      type="radio"
                      value="undefined"
                    />
                    <label
                      class="govuk-radios__label govuk-label"
                      for="pdk-radio-GENERATED_ID"
                      pdk-label=""
                    >
                      <span
                        class="govuk-visually-hidden"
                        pdk-visually-hidden=""
                      >
                        Select this hearing
                      </span>
                    </label>
                  </div>
                </pdk-radio-button>
              </td>
              <td
                class="govuk-table__cell"
                headers="date"
                pdk-table-cell=""
              >
                <div
                  class="govuk-!-padding-right-2"
                  data-test-id="hearingStartDate"
                  pdk-padding-right="2"
                >
                   5 Nov 2018 
                </div>
              </td>
              <td
                class="govuk-table__cell"
                headers="court-details"
                pdk-table-cell=""
              >
                <span
                  data-test-id="hearingCourtCentre"
                >
                  Liverpool Crown Court
                </span>
                <br />
                <span
                  data-test-id="hearingCourtroom"
                >
                  Courtroom 3-1
                </span>
                <br />
              </td>
              <td
                class="govuk-table__cell"
                headers="hearing-type"
                pdk-table-cell=""
              >
                <div
                  class="hearing-type-text"
                  data-test-id="hearingType"
                >
                   Further plea & trial preparation 
                </div>
                <div
                  class="hearing-case-markers"
                >
                  <case-markers
                    alllistedcases="true"
                    class="case-markers govuk-!-padding-top-1"
                    pdk-padding-top="1"
                  >
                    <div
                      class="case-markers"
                    >
                      <div
                        class="case-marker-title pdk-!-text-color-red"
                        pdk-text-colour="red"
                      >
                        Human Trafficking
                      </div>
                    </div>
                  </case-markers>
                </div>
              </td>
              <td
                class="govuk-table__cell"
                headers="session"
                pdk-table-cell=""
              >
                <div
                  class="govuk-!-padding-right-2"
                  data-test-id="hearingStartTime"
                  pdk-padding-right="2"
                >
                   12:00 pm 
                </div>
              </td>
              <td
                class="govuk-table__cell"
                headers="related-case"
                pdk-table-cell=""
              >
                <div
                  class="govuk-!-margin-bottom-3"
                  data-test-id="listedCase"
                  pdk-margin-bottom="3"
                >
                  <span
                    class="govuk-visually-hidden"
                    pdk-visually-hidden=""
                  >
                     Case reference 
                  </span>
                  <strong
                    data-test-id="caseReference"
                  >
                    TFL12345
                  </strong>
                  <pdk-inset-text
                    class="govuk-!-margin-top-1 govuk-!-margin-bottom-2"
                    pdk-margin-bottom="2"
                    pdk-margin-top="1"
                  >
                    <div
                      class="govuk-inset-text"
                    >
                      <div
                        class="defendant-name"
                      >
                         Harry KANE JUNIOR 
                      </div>
                    </div>
                  </pdk-inset-text>
                </div>
                <a
                  class="govuk-link"
                  data-role="view-hearing-details"
                  href="javascript:void(0)"
                  pdk-link=""
                >
                  View hearing details
                </a>
              </td>
            </tr>
            <tr
              class="govuk-table__row"
              pdk-table-row=""
            >
              <th
                class="govuk-table__cell govuk-visually-hidden"
                id="notes-for-hearing-day-0"
                pdk-table-header="row"
                pdk-visually-hidden=""
                scope="row"
              >
                 Notes 
              </th>
              <td
                class="govuk-table__cell"
                colspan="4"
                headers="notes-for-hearing-day-0"
                pdk-table-cell=""
              >
                <div
                  class="pdk-!-negative-margin-top-9 govuk-!-padding-right-4"
                  pdk-margin-top="-9"
                  pdk-padding-right="4"
                >
                  <listing-note-container
                    data-test-id="hearing-day-listing-note"
                  >
                    <pdk-inset-text
                      class="govuk-inset-text govuk-!-margin-top-2 govuk-!-margin-bottom-0 govuk-!-padding-top-0"
                      pdk-margin-bottom="0"
                      pdk-margin-top="2"
                      pdk-padding-top="0"
                    >
                      <div
                        class="govuk-inset-text"
                      >
                        <listing-note>
                          <div>
                            <a
                              class="govuk-link govuk-link--no-visited-state"
                              data-test-id="create-note"
                              href="javascript:void(0)"
                              pdk-link=""
                              unvisited=""
                            >
                              Add listing note
                            </a>
                          </div>
                        </listing-note>
                      </div>
                    </pdk-inset-text>
                  </listing-note-container>
                </div>
              </td>
            </tr>
          </tbody>
          <tbody
            class="pdk-!-border-color-mid-grey govuk-table__body"
            data-test-id="hearing"
            pdk-border-colour="mid-grey"
            pdk-table-body=""
          >
            <tr
              class="govuk-table__row"
              pdk-table-row=""
            >
              <td
                class="govuk-table__cell"
                headers="select-action"
                pdk-table-cell=""
              >
                <pdk-radio-button>
                  <div
                    class="govuk-radios__item"
                  >
                    <input
                      class="govuk-radios__input"
                      id="pdk-radio-GENERATED_ID"
                      name="pdk-radio-group-GENERATED_ID"
                      type="radio"
                      value="undefined"
                    />
                    <label
                      class="govuk-radios__label govuk-label"
                      for="pdk-radio-GENERATED_ID"
                      pdk-label=""
                    >
                      <span
                        class="govuk-visually-hidden"
                        pdk-visually-hidden=""
                      >
                        Select this hearing
                      </span>
                    </label>
                  </div>
                </pdk-radio-button>
              </td>
              <td
                class="govuk-table__cell"
                headers="date"
                pdk-table-cell=""
              >
                <div
                  class="govuk-!-padding-right-2"
                  data-test-id="hearingStartDate"
                  pdk-padding-right="2"
                >
                   6 Nov 2018 
                </div>
              </td>
              <td
                class="govuk-table__cell"
                headers="court-details"
                pdk-table-cell=""
              >
                <span
                  data-test-id="hearingCourtCentre"
                >
                  Liverpool Crown Court
                </span>
                <br />
                <span
                  data-test-id="hearingCourtroom"
                >
                  Courtroom 3-1
                </span>
                <br />
              </td>
              <td
                class="govuk-table__cell"
                headers="hearing-type"
                pdk-table-cell=""
              >
                <div
                  class="hearing-type-text"
                  data-test-id="hearingType"
                >
                   Further plea & trial preparation 
                </div>
                <div
                  class="hearing-case-markers"
                >
                  <case-markers
                    alllistedcases="true"
                    class="case-markers govuk-!-padding-top-1"
                    pdk-padding-top="1"
                  >
                    <div
                      class="case-markers"
                    >
                      <div
                        class="case-marker-title pdk-!-text-color-red"
                        pdk-text-colour="red"
                      >
                        Human Trafficking
                      </div>
                    </div>
                  </case-markers>
                </div>
              </td>
              <td
                class="govuk-table__cell"
                headers="session"
                pdk-table-cell=""
              >
                <div
                  class="govuk-!-padding-right-2"
                  data-test-id="hearingStartTime"
                  pdk-padding-right="2"
                >
                   12:00 pm 
                </div>
              </td>
              <td
                class="govuk-table__cell"
                headers="related-case"
                pdk-table-cell=""
              >
                <div
                  class="govuk-!-margin-bottom-3"
                  data-test-id="listedCase"
                  pdk-margin-bottom="3"
                >
                  <span
                    class="govuk-visually-hidden"
                    pdk-visually-hidden=""
                  >
                     Case reference 
                  </span>
                  <strong
                    data-test-id="caseReference"
                  >
                    TFL12345
                  </strong>
                  <pdk-inset-text
                    class="govuk-!-margin-top-1 govuk-!-margin-bottom-2"
                    pdk-margin-bottom="2"
                    pdk-margin-top="1"
                  >
                    <div
                      class="govuk-inset-text"
                    >
                      <div
                        class="defendant-name"
                      >
                         Harry KANE JUNIOR 
                      </div>
                    </div>
                  </pdk-inset-text>
                </div>
                <a
                  class="govuk-link"
                  data-role="view-hearing-details"
                  href="javascript:void(0)"
                  pdk-link=""
                >
                  View hearing details
                </a>
              </td>
            </tr>
            <tr
              class="govuk-table__row"
              pdk-table-row=""
            >
              <th
                class="govuk-table__cell govuk-visually-hidden"
                id="notes-for-hearing-day-1"
                pdk-table-header="row"
                pdk-visually-hidden=""
                scope="row"
              >
                 Notes 
              </th>
              <td
                class="govuk-table__cell"
                colspan="4"
                headers="notes-for-hearing-day-1"
                pdk-table-cell=""
              >
                <div
                  class="pdk-!-negative-margin-top-9 govuk-!-padding-right-4"
                  pdk-margin-top="-9"
                  pdk-padding-right="4"
                >
                  <listing-note-container
                    data-test-id="hearing-day-listing-note"
                  >
                    <pdk-inset-text
                      class="govuk-inset-text govuk-!-margin-top-2 govuk-!-margin-bottom-0 govuk-!-padding-top-0"
                      pdk-margin-bottom="0"
                      pdk-margin-top="2"
                      pdk-padding-top="0"
                    >
                      <div
                        class="govuk-inset-text"
                      >
                        <listing-note>
                          <div>
                            <a
                              class="govuk-link govuk-link--no-visited-state"
                              data-test-id="create-note"
                              href="javascript:void(0)"
                              pdk-link=""
                              unvisited=""
                            >
                              Add listing note
                            </a>
                          </div>
                        </listing-note>
                      </div>
                    </pdk-inset-text>
                  </listing-note-container>
                </div>
              </td>
            </tr>
          </tbody>
          <tbody
            class="pdk-!-border-color-mid-grey govuk-table__body"
            data-test-id="hearing"
            pdk-border-colour="mid-grey"
            pdk-table-body=""
          >
            <tr
              class="govuk-table__row"
              pdk-table-row=""
            >
              <td
                class="govuk-table__cell"
                headers="select-action"
                pdk-table-cell=""
              >
                <pdk-radio-button>
                  <div
                    class="govuk-radios__item"
                  >
                    <input
                      class="govuk-radios__input"
                      id="pdk-radio-GENERATED_ID"
                      name="pdk-radio-group-GENERATED_ID"
                      type="radio"
                      value="undefined"
                    />
                    <label
                      class="govuk-radios__label govuk-label"
                      for="pdk-radio-GENERATED_ID"
                      pdk-label=""
                    >
                      <span
                        class="govuk-visually-hidden"
                        pdk-visually-hidden=""
                      >
                        Select this hearing
                      </span>
                    </label>
                  </div>
                </pdk-radio-button>
              </td>
              <td
                class="govuk-table__cell"
                headers="date"
                pdk-table-cell=""
              >
                <div
                  class="govuk-!-padding-right-2"
                  data-test-id="hearingStartDate"
                  pdk-padding-right="2"
                >
                   5 Nov 2018 
                </div>
              </td>
              <td
                class="govuk-table__cell"
                headers="court-details"
                pdk-table-cell=""
              >
                <span
                  data-test-id="hearingCourtCentre"
                >
                  Liverpool Crown Court
                </span>
                <br />
                <span
                  data-test-id="hearingCourtroom"
                >
                  Courtroom 3-1
                </span>
                <br />
              </td>
              <td
                class="govuk-table__cell"
                headers="hearing-type"
                pdk-table-cell=""
              >
                <div
                  class="hearing-type-text"
                  data-test-id="hearingType"
                >
                   Further plea & trial preparation 
                </div>
                <div
                  class="hearing-case-markers"
                >
                  <case-markers
                    alllistedcases="true"
                    class="case-markers govuk-!-padding-top-1"
                    pdk-padding-top="1"
                  >
                    <div
                      class="case-markers"
                    >
                      <div
                        class="case-marker-title pdk-!-text-color-red"
                        pdk-text-colour="red"
                      >
                        Human Trafficking
                      </div>
                    </div>
                  </case-markers>
                </div>
              </td>
              <td
                class="govuk-table__cell"
                headers="session"
                pdk-table-cell=""
              >
                <div
                  class="govuk-!-padding-right-2"
                  data-test-id="hearingStartTime"
                  pdk-padding-right="2"
                >
                   12:00 pm 
                </div>
              </td>
              <td
                class="govuk-table__cell"
                headers="related-case"
                pdk-table-cell=""
              >
                <div
                  class="govuk-!-margin-bottom-3"
                  data-test-id="listedCase"
                  pdk-margin-bottom="3"
                >
                  <span
                    class="govuk-visually-hidden"
                    pdk-visually-hidden=""
                  >
                     Case reference 
                  </span>
                  <strong
                    data-test-id="caseReference"
                  >
                    TFL12345
                  </strong>
                  <pdk-inset-text
                    class="govuk-!-margin-top-1 govuk-!-margin-bottom-2"
                    pdk-margin-bottom="2"
                    pdk-margin-top="1"
                  >
                    <div
                      class="govuk-inset-text"
                    >
                      <div
                        class="defendant-name"
                      >
                         Harry KANE JUNIOR 
                      </div>
                      <div
                        class="defendant-name"
                      >
                         John SMITH 
                      </div>
                      <div
                        class="defendant-name"
                      >
                         Michael ALBERT 
                      </div>
                    </div>
                  </pdk-inset-text>
                </div>
                <a
                  class="govuk-link"
                  data-role="view-hearing-details"
                  href="javascript:void(0)"
                  pdk-link=""
                >
                  View hearing details
                </a>
              </td>
            </tr>
            <tr
              class="govuk-table__row"
              pdk-table-row=""
            >
              <th
                class="govuk-table__cell govuk-visually-hidden"
                id="notes-for-hearing-day-0"
                pdk-table-header="row"
                pdk-visually-hidden=""
                scope="row"
              >
                 Notes 
              </th>
              <td
                class="govuk-table__cell"
                colspan="4"
                headers="notes-for-hearing-day-0"
                pdk-table-cell=""
              >
                <div
                  class="pdk-!-negative-margin-top-9 govuk-!-padding-right-4"
                  pdk-margin-top="-9"
                  pdk-padding-right="4"
                >
                  <listing-note-container
                    data-test-id="hearing-day-listing-note"
                  >
                    <pdk-inset-text
                      class="govuk-inset-text govuk-!-margin-top-2 govuk-!-margin-bottom-0 govuk-!-padding-top-0"
                      pdk-margin-bottom="0"
                      pdk-margin-top="2"
                      pdk-padding-top="0"
                    >
                      <div
                        class="govuk-inset-text"
                      >
                        <listing-note>
                          <div>
                            <a
                              class="govuk-link govuk-link--no-visited-state"
                              data-test-id="create-note"
                              href="javascript:void(0)"
                              pdk-link=""
                              unvisited=""
                            >
                              Add listing note
                            </a>
                          </div>
                        </listing-note>
                      </div>
                    </pdk-inset-text>
                  </listing-note-container>
                </div>
              </td>
            </tr>
          </tbody>
          <tbody
            class="pdk-!-border-color-mid-grey govuk-table__body"
            data-test-id="hearing"
            pdk-border-colour="mid-grey"
            pdk-table-body=""
          >
            <tr
              class="govuk-table__row"
              pdk-table-row=""
            >
              <td
                class="govuk-table__cell"
                headers="select-action"
                pdk-table-cell=""
              >
                <pdk-radio-button>
                  <div
                    class="govuk-radios__item"
                  >
                    <input
                      class="govuk-radios__input"
                      id="pdk-radio-GENERATED_ID"
                      name="pdk-radio-group-GENERATED_ID"
                      type="radio"
                      value="undefined"
                    />
                    <label
                      class="govuk-radios__label govuk-label"
                      for="pdk-radio-GENERATED_ID"
                      pdk-label=""
                    >
                      <span
                        class="govuk-visually-hidden"
                        pdk-visually-hidden=""
                      >
                        Select this hearing
                      </span>
                    </label>
                  </div>
                </pdk-radio-button>
              </td>
              <td
                class="govuk-table__cell"
                headers="date"
                pdk-table-cell=""
              >
                <div
                  class="govuk-!-padding-right-2"
                  data-test-id="hearingStartDate"
                  pdk-padding-right="2"
                >
                   6 Nov 2018 
                </div>
              </td>
              <td
                class="govuk-table__cell"
                headers="court-details"
                pdk-table-cell=""
              >
                <span
                  data-test-id="hearingCourtCentre"
                >
                  Liverpool Crown Court
                </span>
                <br />
                <span
                  data-test-id="hearingCourtroom"
                >
                  Courtroom 3-1
                </span>
                <br />
              </td>
              <td
                class="govuk-table__cell"
                headers="hearing-type"
                pdk-table-cell=""
              >
                <div
                  class="hearing-type-text"
                  data-test-id="hearingType"
                >
                   Further plea & trial preparation 
                </div>
                <div
                  class="hearing-case-markers"
                >
                  <case-markers
                    alllistedcases="true"
                    class="case-markers govuk-!-padding-top-1"
                    pdk-padding-top="1"
                  >
                    <div
                      class="case-markers"
                    >
                      <div
                        class="case-marker-title pdk-!-text-color-red"
                        pdk-text-colour="red"
                      >
                        Human Trafficking
                      </div>
                    </div>
                  </case-markers>
                </div>
              </td>
              <td
                class="govuk-table__cell"
                headers="session"
                pdk-table-cell=""
              >
                <div
                  class="govuk-!-padding-right-2"
                  data-test-id="hearingStartTime"
                  pdk-padding-right="2"
                >
                   12:00 pm 
                </div>
              </td>
              <td
                class="govuk-table__cell"
                headers="related-case"
                pdk-table-cell=""
              >
                <div
                  class="govuk-!-margin-bottom-3"
                  data-test-id="listedCase"
                  pdk-margin-bottom="3"
                >
                  <span
                    class="govuk-visually-hidden"
                    pdk-visually-hidden=""
                  >
                     Case reference 
                  </span>
                  <strong
                    data-test-id="caseReference"
                  >
                    TFL12345
                  </strong>
                  <pdk-inset-text
                    class="govuk-!-margin-top-1 govuk-!-margin-bottom-2"
                    pdk-margin-bottom="2"
                    pdk-margin-top="1"
                  >
                    <div
                      class="govuk-inset-text"
                    >
                      <div
                        class="defendant-name"
                      >
                         Harry KANE JUNIOR 
                      </div>
                      <div
                        class="defendant-name"
                      >
                         John SMITH 
                      </div>
                      <div
                        class="defendant-name"
                      >
                         Michael ALBERT 
                      </div>
                    </div>
                  </pdk-inset-text>
                </div>
                <a
                  class="govuk-link"
                  data-role="view-hearing-details"
                  href="javascript:void(0)"
                  pdk-link=""
                >
                  View hearing details
                </a>
              </td>
            </tr>
            <tr
              class="govuk-table__row"
              pdk-table-row=""
            >
              <th
                class="govuk-table__cell govuk-visually-hidden"
                id="notes-for-hearing-day-1"
                pdk-table-header="row"
                pdk-visually-hidden=""
                scope="row"
              >
                 Notes 
              </th>
              <td
                class="govuk-table__cell"
                colspan="4"
                headers="notes-for-hearing-day-1"
                pdk-table-cell=""
              >
                <div
                  class="pdk-!-negative-margin-top-9 govuk-!-padding-right-4"
                  pdk-margin-top="-9"
                  pdk-padding-right="4"
                >
                  <listing-note-container
                    data-test-id="hearing-day-listing-note"
                  >
                    <pdk-inset-text
                      class="govuk-inset-text govuk-!-margin-top-2 govuk-!-margin-bottom-0 govuk-!-padding-top-0"
                      pdk-margin-bottom="0"
                      pdk-margin-top="2"
                      pdk-padding-top="0"
                    >
                      <div
                        class="govuk-inset-text"
                      >
                        <listing-note>
                          <div>
                            <a
                              class="govuk-link govuk-link--no-visited-state"
                              data-test-id="create-note"
                              href="javascript:void(0)"
                              pdk-link=""
                              unvisited=""
                            >
                              Add listing note
                            </a>
                          </div>
                        </listing-note>
                      </div>
                    </pdk-inset-text>
                  </listing-note-container>
                </div>
              </td>
            </tr>
          </tbody>
        </table>
      </div>
    </pdk-radio-group>
    <pdk-form-field
      class="govuk-!-margin-top-7"
      label="Do you want to notify to all relevant parties?"
      labeltype="small"
      pdk-margin-top="7"
    >
      <pdk-form-group
        class="pdk-form-group"
      >
        <fieldset
          class="govuk-fieldset"
          pdk-fieldset=""
        >
          <legend
            class="govuk-fieldset__legend govuk-fieldset__legend--s"
          >
             Do you want to notify to all relevant parties? 
          </legend>
          <pdk-radio-group
            class="ng-untouched ng-pristine ng-invalid"
            name="sendNotificationToParties"
            required=""
          >
            <div
              class="govuk-radios"
            >
              <pdk-radio-button>
                <div
                  class="govuk-radios__item"
                >
                  <input
                    class="govuk-radios__input"
                    id="pdk-radio-GENERATED_ID"
                    name="pdk-radio-group-GENERATED_ID"
                    type="radio"
                    value="true"
                  />
                  <label
                    class="govuk-radios__label govuk-label"
                    for="pdk-radio-GENERATED_ID"
                    pdk-label=""
                  >
                    Yes
                  </label>
                </div>
              </pdk-radio-button>
              <pdk-radio-button
                data-test-id="notifyFalseValue"
              >
                <div
                  class="govuk-radios__item"
                >
                  <input
                    class="govuk-radios__input"
                    id="pdk-radio-GENERATED_ID"
                    name="pdk-radio-group-GENERATED_ID"
                    type="radio"
                    value="false"
                  />
                  <label
                    class="govuk-radios__label govuk-label"
                    for="pdk-radio-GENERATED_ID"
                    pdk-label=""
                  >
                    No
                  </label>
                </div>
              </pdk-radio-button>
            </div>
          </pdk-radio-group>
        </fieldset>
      </pdk-form-group>
    </pdk-form-field>
    <button
      class="govuk-!-margin-top-3 govuk-!-margin-bottom-3 govuk-button"
      disabled="disabled"
      pdk-button=""
      pdk-margin-bottom="3"
      pdk-margin-top="3"
      type="submit"
    >
       Continue
    </button>
    <div>
      <a
        class="govuk-link"
        href="javascript:void(0)"
        pdk-link=""
      >
        Cancel
      </a>
    </div>
  </available-hearings-table>
</available-hearings>
`;
