// Jest Snapshot v1, https://goo.gl/fbAQLP

exports[`BackButtonComponent should match the snapshot 1`] = `
<back-button
  linkUrl={[Function Function]}
  onBack={[Function OutputEmitterRef]}
>
  <a
    class="govuk-back-link"
    href="/test-link-url"
    pdk-back-link=""
  >
     Back 
  </a>
</back-button>
`;
