// Jest Snapshot v1, https://goo.gl/fbAQLP

exports[`withHearingSelectionStore snapshot testing should match initial state snapshot 1`] = `[]`;

exports[`withHearingSelectionStore snapshot testing should match state snapshot after selections 1`] = `
[
  {
    "duration": 120,
    "hearingDateTime": "2024-01-01T10:00:00",
    "hearingId": "1",
    "judiciary": [],
  },
  {
    "duration": 240,
    "hearingDateTime": "2024-01-01T14:00:00",
    "hearingId": "2",
    "judiciary": [],
  },
]
`;
