// Jest Snapshot v1, https://goo.gl/fbAQLP

exports[`HearingOffencesComponent When number of offences is equal to One 1`] = `
<hearing-offences
  applicationTypes={[Function Array]}
  applications={[Function Function]}
  hearingType={[Function Function]}
  offences={[Function Function]}
>
  <div>
    <div
      class="offence"
      data-test-id="hearingOffence"
    >
      Test title 2
    </div>
  </div>
</hearing-offences>
`;

exports[`HearingOffencesComponent When number of offences is greater than One 1`] = `
<hearing-offences
  applicationTypes={[Function Array]}
  applications={[Function Function]}
  hearingType={[Function Function]}
  offences={[Function Function]}
>
  <details
    class="font-small govuk-details"
    pdk-details=""
  >
    <summary
      class="govuk-details__summary"
    >
      <span
        class="govuk-details__summary-text"
      >
        <span
          class="summary"
        >
          3 Offences
        </span>
      </span>
    </summary>
    <pdk-details-text
      class="govuk-details__text"
    >
      <ul>
        <li
          class="offence govuk-!-margin-top-2"
          pdk-margin-top="2"
        >
          <span
            data-test-id="hearingOffence"
          >
            Test title 2
          </span>
        </li>
        <li
          class="offence govuk-!-margin-top-2"
          pdk-margin-top="2"
        >
          <span
            data-test-id="hearingOffence"
          >
            Test title 4
          </span>
        </li>
        <li
          class="offence govuk-!-margin-top-2"
          pdk-margin-top="2"
        >
          <span
            data-test-id="hearingOffence"
          >
            Test title 5
          </span>
        </li>
      </ul>
    </pdk-details-text>
  </details>
</hearing-offences>
`;
