// Jest Snapshot v1, https://goo.gl/fbAQLP

exports[`MagistratesSchedulingContainerComponent should compile correctly 1`] = `
<magistrates-scheduling-container
  courtId={[Function Function]}
  currentPage$={[Function _Store]}
  defaultFilters$={[Function Observable]}
  filters$={[Function _Store]}
  hearingTypePlaceholder={[Function Object]}
  organisationUnits$={[Function _Store]}
  pageSize$={[Function _Store]}
  rotaBusinessTypes$={[Function _Store]}
  route={[Function Object]}
  router={[Function Object]}
  searchResult$={[Function _Store]}
  store={[Function _Store]}
  totalResults$={[Function _Store]}
>
  <magistrates-scheduling>
     currentPage: 2
    <br />
     defaultFilters: 
    <br />
     filters: {
    "oucodeL2Code": "1",
    "oucodeL3Code": "OUCODEL32",
    "courtSession": "AM",
    "sessionStartDate": "2019-01-01",
    "sessionEndDate": "2019-01-31",
    "panel": "ADULT",
    "businessType": "HEARINGTYPE002",
    "hearingType": {
      "id": "All",
      "hearingCode": "All",
      "seqId": 0,
      "defaultDurationMin": 0,
      "welshHearingDescription": "",
      "hearingDescription": "All hearing types",
      "magistratesFlag": true,
      "crownFlag": true
    },
    "organisationUnit": {
      "id": "COURT001",
      "oucodeL2Code": "3",
      "oucodeL2Name": "OUL2 Z",
      "oucodeL3Code": "OUCODEL31",
      "oucodeL3Name": "A"
    }
  }
    <br />
     hearingSlots: [
    {
      "courtScheduleId": "*"
    }
  ]
    <br />
     organisationUnits: [
    {
      "id": "COURT001",
      "oucodeL2Code": "3",
      "oucodeL2Name": "OUL2 Z",
      "oucodeL3Code": "OUCODEL31",
      "oucodeL3Name": "A"
    },
    {
      "id": "COURT002",
      "oucodeL2Code": "1",
      "oucodeL2Name": "OUL2 X",
      "oucodeL3Code": "OUCODEL32",
      "oucodeL3Name": "B"
    },
    {
      "id": "COURT003",
      "oucodeL2Code": "1",
      "oucodeL2Name": "OUL2 X",
      "oucodeL3Code": "OUCODEL33",
      "oucodeL3Name": "C"
    },
    {
      "id": "COURT004",
      "oucodeL2Code": "2",
      "oucodeL2Name": "ouL2 Y",
      "oucodeL3Code": "OUCODEL34",
      "oucodeL3Name": "D"
    }
  ]
    <br />
     pageSize: 10
    <br />
     rotaBusinessTypes: []
    <br />
     totalResults: 25 
  </magistrates-scheduling><a
    class="govuk-!-padding-left-6 govuk-link"
    href="javascript:void(0)"
    pdk-link=""
    pdk-padding-left="6"
  >
    Cancel
  </a>
</magistrates-scheduling-container>
`;
